]0;~/Documents/RandomAnalyses/CongareeTrees[?1034hCarters-MacBook-Pro:CongareeTrees carter$ [KCarters-MacBook-Pro:CongareeTrees carter$ echo "# CongareeTrees" >> README.md
]0;~/Documents/RandomAnalyses/CongareeTreesCarters-MacBook-Pro:CongareeTrees carter$ git init
Initialized empty Git repository in /Users/carter/Documents/RandomAnalyses/CongareeTrees/.git/
]0;~/Documents/RandomAnalyses/CongareeTreesCarters-MacBook-Pro:CongareeTrees carter$ git add README.md
]0;~/Documents/RandomAnalyses/CongareeTreesCarters-MacBook-Pro:CongareeTrees carter$ git commit -m "first commit"
[master (root-commit) a8ba98b] first commit
 1 file changed, 1 insertion(+)
 create mode 100644 README.md
]0;~/Documents/RandomAnalyses/CongareeTreesCarters-MacBook-Pro:CongareeTrees carter$ git remote add origin https://github.com/carter-allen/ CongareeTrees.git
]0;~/Documents/RandomAnalyses/CongareeTreesCarters-MacBook-Pro:CongareeTrees carter$ git push -u origin master
Counting objects: 3, done.
Writing objects:  33% (1/3)   Writing objects:  66% (2/3)   Writing objects: 100% (3/3)   Writing objects: 100% (3/3), 225 bytes | 225.00 KiB/s, done.
Total 3 (delta 0), reused 0 (delta 0)
To https://github.com/carter-allen/CongareeTrees.git
 * [new branch]      master -> master
Branch master set up to track remote branch master from origin.
]0;~/Documents/RandomAnalyses/CongareeTreesCarters-MacBook-Pro:CongareeTrees carter$ 
]0;~/Documents/RandomAnalyses/CongareeTreesCarters-MacBook-Pro:CongareeTrees carter$ git statys[K[Kus
On branch master
Your branch is up-to-date with 'origin/master'.

Untracked files:
  (use "git add <file>..." to include in what will be committed)

	[31m.Rproj.user/[m
	[31mCongareeTrees.Rmd[m
	[31mCongareeTrees.Rproj[m
	[31mcong_trees.csv[m

nothing added to commit but untracked files present (use "git add" to track)
]0;~/Documents/RandomAnalyses/CongareeTreesCarters-MacBook-Pro:CongareeTrees carter$ git add -A